in_source: algo/cat.lsp
dump: tests/golden/cat.dump
input: CAT_TEST_STRING