in_source: algo/helloworld.lsp
dump: tests/golden/helloworld_test.dump
name: helloworld_test